// Jest Snapshot v1, https://goo.gl/fbAQLP

exports[`Probando mi primer componente de react, PrimeraApp debe mostrar <PrimeraApp/> correctamente 1`] = `
<Fragment>
  <h1>
     
    Hola, Soy Goku
     
  </h1>
  <p>
    soy un subtitulo
  </p>
</Fragment>
`;
